---
source: tui/src/chatwidget/tests/slash_commands.rs
expression: "render_bottom_popup(&chat, 80)"
---
  MCP server
  github
  Authentication: Sign-in required

› 1. Authenticate with OAuth   This panel will track browser sign-in and
                               verify completion.
  2. View tools and resources  0 tools · 0 resources · 0 templates

  Press enter to confirm or esc to go back
